------------------------------------------------------------
Timing Analyzer Summary
------------------------------------------------------------

Type  : Slow 1100mV 85C Model Setup 'clk'
Slack : -0.058
TNS   : -0.058

Type  : Slow 1100mV 85C Model Hold 'clk'
Slack : 0.304
TNS   : 0.000

Type  : Slow 1100mV 85C Model Minimum Pulse Width 'clk'
Slack : -0.441
TNS   : -1.687

Type  : Slow 1100mV 0C Model Setup 'clk'
Slack : -0.032
TNS   : -0.032

Type  : Slow 1100mV 0C Model Hold 'clk'
Slack : 0.286
TNS   : 0.000

Type  : Slow 1100mV 0C Model Minimum Pulse Width 'clk'
Slack : -0.429
TNS   : -1.728

Type  : Fast 1100mV 85C Model Setup 'clk'
Slack : 0.307
TNS   : 0.000

Type  : Fast 1100mV 85C Model Hold 'clk'
Slack : 0.182
TNS   : 0.000

Type  : Fast 1100mV 85C Model Minimum Pulse Width 'clk'
Slack : -0.634
TNS   : -2.804

Type  : Fast 1100mV 0C Model Setup 'clk'
Slack : 0.353
TNS   : 0.000

Type  : Fast 1100mV 0C Model Hold 'clk'
Slack : 0.162
TNS   : 0.000

Type  : Fast 1100mV 0C Model Minimum Pulse Width 'clk'
Slack : -0.654
TNS   : -3.006

------------------------------------------------------------
